I'm sorry, but errors were detected in your script. Please correct the
errors listed below, and try again.


File "game/script.rpy", line 10: expected 'name' not found.
    transform scene:
              ^

File "game/script.rpy", line 41: expected 'simple_expression' not found.
    show photo test at scene with easeintop
                       ^

Ren'Py Version: Ren'Py 6.99.12.4.2187
